// Jest Snapshot v1, https://goo.gl/fbAQLP

exports[`<Nodes /> should match snapshot 1`] = `
<div>
  <h1>
    Nodes
  </h1>
  <div
    className="sc-htpNat cAglkR"
  >
    <div
      className="sc-bxivhb gSSgMV"
    >
      <div
        className="sc-EHOje fvoECt"
      >
        Node 1
      </div>
      <div
        className="sc-gzVnrw hwzuqy"
      >
        <div
          className="sc-bdVaJa ffSlWY"
          color="danger"
        >
          Offline
        </div>
        <button
          className="sc-htoDjs essTOS"
          onClick={[Function]}
        />
      </div>
    </div>
    <div
      className="sc-ifAKCX fOGIFb"
    >
      <div
        className="sc-bZQynM dSZNti"
      >
        https://thawing-springs-53971.herokuapp.com
      </div>
    </div>
  </div>
  <div
    className="sc-htpNat cAglkR"
  >
    <div
      className="sc-bxivhb gSSgMV"
    >
      <div
        className="sc-EHOje fvoECt"
      >
        Node 2
      </div>
      <div
        className="sc-gzVnrw hwzuqy"
      >
        <div
          className="sc-bdVaJa ffSlWY"
          color="danger"
        >
          Offline
        </div>
        <button
          className="sc-htoDjs essTOS"
          onClick={[Function]}
        />
      </div>
    </div>
    <div
      className="sc-ifAKCX fOGIFb"
    >
      <div
        className="sc-bZQynM dSZNti"
      >
        https://secret-lowlands-62331.herokuapp.com
      </div>
    </div>
  </div>
</div>
`;
